MO Register_File NULL Register_File.v vlg3C/_register___file.bin 1617542387
MO Instruction_Fetch NULL Instruction_Fetch.v vlg27/_instruction___fetch.bin 1617541036
MO Instruction_Memory NULL Instruction_Memory.v vlg22/_instruction___memory.bin 1617542387
MO Main_Processor NULL Main_Processor.v vlg74/_main___processor.bin 1617541036
MO Execution_Writeback NULL Execution_Writeback.v vlg7F/_execution___writeback.bin 1617541036
